// Jest Snapshot v1, https://goo.gl/fbAQLP

exports[`NewAnswer should render correctly 1`] = `
<div>
  <div
    className="row"
    key="answer0"
    style={
      Object {
        "margin": "10px",
      }
    }
  >
    <div
      className="col-2"
    >
      <label
        for="option"
      >
        A
        :
      </label>
    </div>
    <div
      className="col-10"
    >
      <input
        className="form-control"
        id="option0"
        onChange={[Function]}
        placeholder="Enter an answer option"
        type="text"
      />
    </div>
  </div>
  <div
    className="row"
    key="answer1"
    style={
      Object {
        "margin": "10px",
      }
    }
  >
    <div
      className="col-2"
    >
      <label
        for="option"
      >
        B
        :
      </label>
    </div>
    <div
      className="col-10"
    >
      <input
        className="form-control"
        id="option1"
        onChange={[Function]}
        placeholder="Enter an answer option"
        type="text"
      />
    </div>
  </div>
  <div
    className="row"
    key="answer2"
    style={
      Object {
        "margin": "10px",
      }
    }
  >
    <div
      className="col-2"
    >
      <label
        for="option"
      >
        C
        :
      </label>
    </div>
    <div
      className="col-10"
    >
      <input
        className="form-control"
        id="option2"
        onChange={[Function]}
        placeholder="Enter an answer option"
        type="text"
      />
    </div>
  </div>
  <div
    className="row"
    style={
      Object {
        "margin": "10px",
      }
    }
  >
    <div
      className="col-2"
    >
      <label
        for="option"
      >
        Answer:
      </label>
    </div>
    <div
      className="col-10"
    >
      <div
        className="btn-group btn-group-toggle"
      >
        <label
          className="btn btn-secondary false"
          key="0"
        >
          <input
            autoComplete="off"
            id="options"
            name="options"
            onChange={[Function]}
            type="radio"
            value={
              Array [
                "A",
              ]
            }
          />
          A
        </label>
        <label
          className="btn btn-secondary active"
          key="1"
        >
          <input
            autoComplete="off"
            id="options"
            name="options"
            onChange={[Function]}
            type="radio"
            value={
              Array [
                "B",
              ]
            }
          />
          B
        </label>
        <label
          className="btn btn-secondary false"
          key="2"
        >
          <input
            autoComplete="off"
            id="options"
            name="options"
            onChange={[Function]}
            type="radio"
            value={
              Array [
                "C",
              ]
            }
          />
          C
        </label>
      </div>
    </div>
  </div>
</div>
`;
