// Jest Snapshot v1, https://goo.gl/fbAQLP

exports[`Login should render correctly 1`] = `
<div
  className="container"
>
  <form
    action=""
    onSubmit={[Function]}
  >
    <div
      className="form-group"
    >
      <label
        for="username"
      >
        Username:
      </label>
      <input
        className="form-control"
        id="username"
        name="username"
        onChange={[Function]}
        type="text"
      />
    </div>
    <div
      class="form-group"
    >
      <label
        for="password"
      >
        Password:
      </label>
      <input
        className="form-control"
        id="password"
        name="password"
        onChange={[Function]}
        type="password"
      />
    </div>
    <button
      class="btn btn-default"
      type="submit"
    >
      Login
    </button>
  </form>
</div>
`;
